2026-08-25 17:17:57 [INFO] ============================================================
2026-08-25 17:17:57 [INFO] Anime Episode Notifier starting
2026-08-25 17:17:57 [INFO] User: mustakim
2026-08-25 17:17:57 [INFO] From: Anime Notifier <sakalakasmith@gmail.com>  To: mustakim.siyam@gmail.com
2026-08-25 17:17:57 [INFO] Notify when within 24h of airing
2026-08-25 17:17:57 [INFO] Poll interval: 3600s
2026-08-25 17:17:57 [INFO] ============================================================
2026-08-25 17:17:57 [INFO] Checking AniList for updates...
2026-08-25 17:17:58 [INFO] ONE PIECE: Episode 1176 in 5d 2h (watched up to Ep 1175)
2026-08-25 17:17:58 [INFO] Tensei Shitara Slime Datta Ken 4th Season: Episode 20 in 3d 2h (watched up to Ep 19)
2026-08-25 17:17:58 [INFO] Yomi no Tsugai: Episode 21 in 4d 3h (watched up to Ep 20)
2026-08-25 17:17:58 [INFO] Mairimashita! Iruma-kun 4: Episode 20 in 3d 22h (watched up to Ep 11)
2026-08-25 17:17:58 [INFO] Mushoku Tensei III: Isekai Ittara Honki Dasu: Episode 10 in 5d 3h (watched up to Ep 9)
2026-08-25 17:17:58 [INFO] Tenmaku no Jaadugar: Episode 10 in 4d 3h (watched up to Ep 9)
2026-08-25 17:17:58 [INFO] Grand Blue Season 3: Episode 9 in 6d 3h (watched up to Ep 8)
2026-08-25 17:17:58 [INFO] BLEACH: Sennen Kessen-hen - Kashin-tan: Episode 6 in 4d 2h (watched up to Ep 5)
2026-08-25 17:17:58 [INFO] Nijusseiki Denki Mokuroku: Eureka Evrika: Episode 9 in 5d 2h (watched up to Ep 8)
2026-08-25 17:17:58 [INFO] Koukaku Kidoutai: THE GHOST IN THE SHELL: Episode 8 in 2h 41m (watched up to Ep 0)
2026-08-25 17:17:58 [INFO] No new episodes to notify about.
2026-08-25 17:17:58 [INFO] Sleeping for 3600s...
2026-08-25 17:18:24 [INFO] Received stop signal, shutting down after this cycle...
2026-08-25 17:18:26 [INFO] Received stop signal, shutting down after this cycle...
2026-08-25 17:18:28 [INFO] Stopped.
2026-08-25 17:18:35 [INFO] ============================================================
2026-08-25 17:18:35 [INFO] Anime Episode Notifier starting
2026-08-25 17:18:35 [INFO] User: mustakim
2026-08-25 17:18:35 [INFO] From: Anime Notifier <sakalakasmith@gmail.com>  To: mustakim.siyam@gmail.com
2026-08-25 17:18:35 [INFO] Notify when within 24h of airing
2026-08-25 17:18:35 [INFO] Poll interval: 3600s
2026-08-25 17:18:35 [INFO] ============================================================
2026-08-25 17:18:35 [INFO] Checking AniList for updates...
2026-08-25 17:18:36 [INFO] ONE PIECE: Episode 1176 in 5d 2h (watched up to Ep 1175)
2026-08-25 17:18:36 [INFO] Tensei Shitara Slime Datta Ken 4th Season: Episode 20 in 3d 2h (watched up to Ep 19)
2026-08-25 17:18:36 [INFO] Yomi no Tsugai: Episode 21 in 4d 3h (watched up to Ep 20)
2026-08-25 17:18:36 [INFO] Mairimashita! Iruma-kun 4: Episode 20 in 3d 22h (watched up to Ep 11)
2026-08-25 17:18:36 [INFO] Mushoku Tensei III: Isekai Ittara Honki Dasu: Episode 10 in 5d 3h (watched up to Ep 9)
2026-08-25 17:18:36 [INFO] Tenmaku no Jaadugar: Episode 10 in 4d 3h (watched up to Ep 9)
2026-08-25 17:18:36 [INFO] Grand Blue Season 3: Episode 9 in 6d 3h (watched up to Ep 8)
2026-08-25 17:18:36 [INFO] BLEACH: Sennen Kessen-hen - Kashin-tan: Episode 6 in 4d 2h (watched up to Ep 5)
2026-08-25 17:18:36 [INFO] Nijusseiki Denki Mokuroku: Eureka Evrika: Episode 9 in 5d 2h (watched up to Ep 8)
2026-08-25 17:18:36 [INFO] Koukaku Kidoutai: THE GHOST IN THE SHELL: Episode 8 in 2h 41m (watched up to Ep 0)
2026-08-25 17:18:36 [INFO] Sending upcoming notification for 1 episode(s)...
2026-08-25 17:18:41 [INFO] Email sent successfully (upcoming, 1 episode(s))
2026-08-25 17:18:41 [INFO] Sleeping for 3600s...
2026-08-25 17:21:02 [INFO] Received stop signal, shutting down after this cycle...
2026-08-25 17:21:06 [INFO] Stopped.
2026-08-25 17:23:39 [INFO] ============================================================
2026-08-25 17:23:39 [INFO] Anime Episode Notifier starting
2026-08-25 17:23:39 [INFO] User: mustakim
2026-08-25 17:23:39 [INFO] From: Anime Notifier <sakalakasmith@gmail.com>  To: mustakim.siyam@gmail.com
2026-08-25 17:23:39 [INFO] Notify when within 24h of airing
2026-08-25 17:23:39 [INFO] Poll interval: 3600s
2026-08-25 17:23:39 [INFO] ============================================================
2026-08-25 17:23:39 [INFO] Checking AniList for updates...
2026-08-25 17:23:40 [INFO] ONE PIECE: Episode 1176 in 5d 2h (watched up to Ep 1175)
2026-08-25 17:23:40 [INFO] Tensei Shitara Slime Datta Ken 4th Season: Episode 20 in 3d 2h (watched up to Ep 19)
2026-08-25 17:23:40 [INFO] Yomi no Tsugai: Episode 21 in 4d 3h (watched up to Ep 20)
2026-08-25 17:23:40 [INFO] Mairimashita! Iruma-kun 4: Episode 20 in 3d 22h (watched up to Ep 11)
2026-08-25 17:23:40 [INFO] Mushoku Tensei III: Isekai Ittara Honki Dasu: Episode 10 in 5d 3h (watched up to Ep 9)
2026-08-25 17:23:40 [INFO] Tenmaku no Jaadugar: Episode 10 in 4d 3h (watched up to Ep 9)
2026-08-25 17:23:40 [INFO] Grand Blue Season 3: Episode 9 in 6d 3h (watched up to Ep 8)
2026-08-25 17:23:40 [INFO] BLEACH: Sennen Kessen-hen - Kashin-tan: Episode 6 in 4d 2h (watched up to Ep 5)
2026-08-25 17:23:40 [INFO] Nijusseiki Denki Mokuroku: Eureka Evrika: Episode 9 in 5d 2h (watched up to Ep 8)
2026-08-25 17:23:40 [INFO] Koukaku Kidoutai: THE GHOST IN THE SHELL: Episode 8 in 2h 36m (watched up to Ep 0)
2026-08-25 17:23:40 [INFO] Sending upcoming notification for 1 episode(s)...
2026-08-25 17:23:45 [INFO] Email sent successfully (upcoming, 1 episode(s))
2026-08-25 17:23:45 [INFO] Sleeping for 3600s...
2026-08-25 17:24:20 [INFO] Received stop signal, shutting down after this cycle...
2026-08-25 17:24:25 [INFO] Stopped.
